%!Adobe-FontList 1.24
%Locale:0x409

%BeginFont
Handler:DirectoryHandler
FontType:Invalid
OutlineFileName:/Users/andreassiess/Documents/GitHub/brokken/test/brokken-test Ordner/Document fonts/.DS_Store
FileLength:6148
FileModTime:738413202
%EndFont

%BeginFont
Handler:DirectoryHandler
FontType:Invalid
OutlineFileName:/Users/andreassiess/Documents/GitHub/brokken/test/brokken-test Ordner/Document fonts/AdobeFnt24.lst
FileLength:3129
FileModTime:738948839
%EndFont

%BeginFont
Handler:DirectoryHandler
FontType:Type1
FontName:Brokken-Bold
FamilyName:Brokken
StyleName:Bold
MenuName:Brokken
StyleBits:2
WeightClass:700
WidthClass:5
AngleClass:0
FullName:Brokken Bold
WritingScript:Roman
OutlineFileName:/Users/andreassiess/Documents/GitHub/brokken/test/brokken-test Ordner/Document fonts/Brokken-Bold.otf
DataFormat:sfntData
UsesStandardEncoding:yes
isCFF:yes
hasSVG:no
hasSBIX:no
hasCOLR:no
VariableFontType:NonVariableFont
FileLength:44248
FileModTime:738948839
NameArray:0,Win,1,Brokken
NameArray:0,Win,16,Brokken
%EndFont

%BeginFont
Handler:DirectoryHandler
FontType:Type1
FontName:Brokken-Light
FamilyName:Brokken
StyleName:Light
MenuName:Brokken Light
StyleBits:0
WeightClass:300
WidthClass:5
AngleClass:0
FullName:Brokken Light
WritingScript:Roman
OutlineFileName:/Users/andreassiess/Documents/GitHub/brokken/test/brokken-test Ordner/Document fonts/Brokken-Light.otf
DataFormat:sfntData
UsesStandardEncoding:yes
isCFF:yes
hasSVG:no
hasSBIX:no
hasCOLR:no
VariableFontType:NonVariableFont
FileLength:49036
FileModTime:738948839
NameArray:0,Win,1,Brokken Light
NameArray:0,Win,16,Brokken
%EndFont

%BeginFont
Handler:DirectoryHandler
FontType:Type1
FontName:Brokken-Regular
FamilyName:Brokken
StyleName:Regular
MenuName:Brokken
StyleBits:0
WeightClass:400
WidthClass:5
AngleClass:0
FullName:Brokken
WritingScript:Roman
OutlineFileName:/Users/andreassiess/Documents/GitHub/brokken/test/brokken-test Ordner/Document fonts/Brokken-Regular.otf
DataFormat:sfntData
UsesStandardEncoding:yes
isCFF:yes
hasSVG:no
hasSBIX:no
hasCOLR:no
VariableFontType:NonVariableFont
FileLength:47788
FileModTime:738948839
NameArray:0,Win,1,Brokken
NameArray:0,Win,16,Brokken
%EndFont

%BeginFont
Handler:DirectoryHandler
FontType:Type1
FontName:Brokken-Semibold
FamilyName:Brokken
StyleName:Semibold
MenuName:Brokken Semibold
StyleBits:0
WeightClass:600
WidthClass:5
AngleClass:0
FullName:Brokken Semibold
WritingScript:Roman
OutlineFileName:/Users/andreassiess/Documents/GitHub/brokken/test/brokken-test Ordner/Document fonts/Brokken-Semibold.otf
DataFormat:sfntData
UsesStandardEncoding:yes
isCFF:yes
hasSVG:no
hasSBIX:no
hasCOLR:no
VariableFontType:NonVariableFont
FileLength:47772
FileModTime:738948839
NameArray:0,Win,1,Brokken Semibold
NameArray:0,Win,16,Brokken
%EndFont

%BeginFont
Handler:DirectoryHandler
FontType:Type1
StyleBits:0
WritingScript:Roman
OutlineFileName:/Users/andreassiess/Documents/GitHub/brokken/test/brokken-test Ordner/Document fonts/Brokken-Thin.otf
DataFormat:sfntData
UsesStandardEncoding:no
isCFF:yes
hasSVG:no
hasSBIX:no
hasCOLR:no
VariableFontType:NonVariableFont
FileLength:47812
FileModTime:738948839
%EndFont

